     1                                 %line 1+1 calculate_account.asm
     2                                 
     3                                 [global calculate_account]
     4                                 [section .text]
     5                                 
     6                                  _start:
     7                                 calculate_account:
     8                                 
     9                                 
    10                                 
    11                                 
    12 00000000 55                      push rbp
    13 00000001 4889E5                  mov rbp, rsp
    14                                 
    15                                 
    16 00000004 4889E6                  mov rsi, rsp
    17                                 
    18                                 
    19 00000007 89F8                    mov eax, edi
    20 00000009 0510270000              add eax, 10000
    21                                 
    22                                 
    23 0000000E 4889F8                  mov rax, rdi
    24                                 
    25                                 
    26 00000011 4831C9                  xor rcx, rcx
    27                                 
    28                                  .convert_loop:
    29 00000014 48FFCE                  dec rsi
    30 00000017 48C7C20A000000          mov rdx, 10
    31 0000001E 48F7F2                  div rdx
    32 00000021 80C230                  add dl, '0'
    33 00000024 8816                    mov [rsi], dl
    34 00000026 4885C0                  test rax, rax
    35 00000029 75E7                    jnz .convert_loop
    36                                 
    37                                 
    38                                 
    39                                 
    40                                 
    41 0000002B C9                      leave
    42 0000002C C3                      ret
